// Jest Snapshot v1, https://goo.gl/fbAQLP

exports[`should render addExpense component correctly 1`] = `
<ExpenseForm
  onSubmit={[Function]}
/>
`;
