// Jest Snapshot v1, https://goo.gl/fbAQLP

exports[`should render edit expense component correctly 1`] = `
<div>
  edit page
  <ExpenseForm
    amount={4500}
    createdAt={345600000}
    description="Credit Card"
    id="3"
    note=""
    onSubmit={[Function]}
  />
  <button
    onClick={[Function]}
  >
    Remove
  </button>
</div>
`;
