// Jest Snapshot v1, https://goo.gl/fbAQLP

exports[`should render expense list item 1`] = `
<div>
  this is my list :D
  <Connect(ExpenseItem)
    amount={195}
    createdAt={0}
    description="Gum"
    id="1"
    key="0"
    note=""
  />
  <Connect(ExpenseItem)
    amount={109500}
    createdAt={-345600000}
    description="Rent"
    id="2"
    key="1"
    note=""
  />
  <Connect(ExpenseItem)
    amount={4500}
    createdAt={345600000}
    description="Credit Card"
    id="3"
    key="2"
    note=""
  />
</div>
`;
